../falcon-lazy/sign.c:208:1:ffLDL_fft_inner	48	static
../falcon-lazy/sign.c:292:1:ffLDL_binary_normalize	32	static
../falcon-lazy/sign.c:54:6:v_add	24	static
../falcon-lazy/sign.c:60:6:v_sub	24	static
../falcon-lazy/sign.c:66:6:v_mul	24	static
../falcon-lazy/sign.c:72:6:v_neg	0	static
../falcon-lazy/sign.c:78:6:v_inv	32	static
../falcon-lazy/sign.c:84:6:v_round	56	static
../falcon-lazy/sign.c:122:6:mat_mul	64	static
../falcon-lazy/sign.c:132:6:v_scalar_mul	32	static
../falcon-lazy/sign.c:139:5:randint	16	static
../falcon-lazy/sign.c:146:10:rand32	8	static
../falcon-lazy/sign.c:171:8:calc_norm	0	static
../falcon-lazy/sign.c:370:1:falcon_inner_expand_privkey	80	static
../falcon-lazy/sign.c:1609:1:falcon_inner_gaussian0_sampler	24	static
../falcon-lazy/sign.c:1871:1:falcon_inner_sampler	72	static
../falcon-lazy/sign.c:566:1:ffSampling_fft.constprop	152	static
../falcon-lazy/sign.c:466:1:ffSampling_fft_dyntree.constprop	104	static
../falcon-lazy/sign.c:1957:1:falcon_inner_sign_tree	936	static
../falcon-lazy/sign.c:2001:1:falcon_inner_sign_dyn	960	static
../falcon-lazy/sign.c:2047:1:falcon_inner_sign_dyn_lazy	104	dynamic
